// Jest Snapshot v1, https://goo.gl/fbAQLP

exports[`Tests in <ProductImage/> should display the component with the image of product 1`] = `
<div
  className="productCard undefined"
>
  <img
    alt="Product"
    className="productImg undefined"
    src="./coffee-mug.png"
  />
</div>
`;
